PHPUnit 11.5.46 by Sebastian Bergmann and contributors.

Unknown option "--verbose"
